exports[`test Button renders correctly 1`] = `
<button
  autoFocus={true}
  className="control outer"
  disabled={true}
  id="buttons id"
  type="submit">
  Normal Button
</button>
`;
