// Jest Snapshot v1, https://goo.gl/fbAQLP

exports[`Renders correctly 1`] = `
<span
  className="wrapper outer"
  id="spins id"
>
  <i
    className="control"
  />
</span>
`;
